error TS6059: File 'C:/Users/Juve/OneDrive/Desktop/BE-TerasDesa/prisma.config.ts' is not under 'rootDir' 'C:/Users/Juve/OneDrive/Desktop/BE-TerasDesa/src'. 'rootDir' is expected to contain all source files.
  The file is in the program because:
    Matched by default include pattern '**/*'
